bun : $ bun test tests-unit/
所在位置 行:1 字符: 1
+ bun run test:unit 2>&1 | Out-File -FilePath test-output.txt -Encoding ...
+ ~~~~~~~~~~~~~~~~~~~~~~
    + CategoryInfo          : NotSpecified: ($ bun test tests-unit/:String) [], RemoteException
    + FullyQualifiedErrorId : NativeCommandError
 
bun test v1.3.14 (0d9b296a)

tests-unit\id.test.ts:
(pass) IdGenerator > generate() should return a non-empty string [0.38ms]
(pass) IdGenerator > generate() should return consistent length (36 chars with hyphens) [0.08ms]
(pass) IdGenerator > generate() should contain hyphen separators at correct positions [0.13ms]
(pass) IdGenerator > generate() should return UUID v4 format [0.21ms]
(pass) IdGenerator > generate() should have version nibble set to 4 [0.10ms]
(pass) IdGenerator > generate() should have variant bits in [8,9,a,b] [0.11ms]
(pass) IdGenerator > generate() should return unique IDs (uniqueness guarantee) [3.57ms]
(pass) IdGenerator > generate() should only contain hex characters and hyphens [0.25ms]

tests-unit\sortStrategy.test.ts:
(pass) sortProviders > rule: "none" > should return the original array reference unchanged [0.39ms]
(pass) sortProviders > rule: "alphabet" > should sort providers by name case-insensitively [1.20ms]
(pass) sortProviders > rule: "alphabet" > should handle case differences (a < Z in locale-sensitive sort) [0.12ms]
(pass) sortProviders > rule: "input tokens" > should sort descending by the maximum maxInputTokens across child models [0.20ms]
(pass) sortProviders > rule: "input tokens" > should consider the highest token model in each provider [0.12ms]
(pass) sortProviders > rule: "output tokens" > should sort descending by the maximum maxOutputTokens across child models [0.17ms]
(pass) sortProviders > immutability > should not mutate the original array [0.16ms]
(pass) sortProviders > immutability > should return a new array reference [0.16ms]
(pass) sortProviders > edge cases > should handle empty providers array [0.08ms]
(pass) sortProviders > edge cases > should handle single provider [0.09ms]
(pass) sortProviders > edge cases > should handle providers with no models [0.15ms]
(pass) sortProviders > edge cases > should treat undefined tokens as 0 [0.13ms]
(pass) sortModels > rule: "none" > should return the original array reference unchanged [0.20ms]
(pass) sortModels > rule: "alphabet" > should sort models by name case-insensitively [0.23ms]
(pass) sortModels > rule: "input tokens" > should sort models descending by maxInputTokens [0.15ms]
(pass) sortModels > rule: "input tokens" > should handle equal token values (stable-ish ordering) [0.24ms]
(pass) sortModels > rule: "output tokens" > should sort models descending by maxOutputTokens [0.16ms]
(pass) sortModels > immutability > should not mutate the original array [0.42ms]
(pass) sortModels > immutability > should return a new array reference for non-none rules [0.77ms]
(pass) sortModels > edge cases > should handle empty models array [0.11ms]
(pass) sortModels > edge cases > should handle single model [0.12ms]
(pass) sortModels > edge cases > should treat undefined tokens as 0 [0.16ms]
(pass) SortRule type coverage > should accept all valid sort rules without error [0.39ms]

tests-unit\token.test.ts:
(pass) TokenFormatter > parse() > should parse valid numbers [0.34ms]
(pass) TokenFormatter > parse() > should return undefined for zero and negative numbers [0.12ms]
(pass) TokenFormatter > parse() > should return undefined for non-finite numbers [0.13ms]
(pass) TokenFormatter > parse() > should floor decimal numbers [0.10ms]
(pass) TokenFormatter > parse() > should parse valid string integers [0.48ms]
(pass) TokenFormatter > parse() > should parse string with k suffix [0.17ms]
(pass) TokenFormatter > parse() > should handle whitespace and underscores [0.18ms]
(pass) TokenFormatter > parse() > should be case insensitive for k suffix [0.11ms]
(pass) TokenFormatter > parse() > should return undefined for invalid input [0.36ms]
(pass) TokenFormatter > parse() > should enforce upper limit (4M) [0.14ms]
(pass) TokenFormatter > parse() > should enforce upper limit for string input [0.11ms]
(pass) TokenFormatter > parse() > should handle large k values [0.27ms]
(pass) TokenFormatter > format() > should format numbers under 1000 as-is [0.32ms]
(pass) TokenFormatter > format() > should format thousands with k suffix [1.61ms]
(pass) TokenFormatter > format() > should format millions correctly [1.32ms]
(pass) TokenFormatter > format() > should handle edge cases [0.23ms]
(pass) TokenFormatter > format() > should format decimals correctly [0.20ms]
(pass) TokenFormatter > format() > should floor small numbers [0.10ms]
(pass) TokenFormatter > formatDetailed() > should show both raw and formatted for thousands [0.62ms]
(pass) TokenFormatter > formatDetailed() > should show only raw for small numbers [0.12ms]
(pass) TokenFormatter > formatDetailed() > should handle edge cases [0.21ms]
(pass) TokenFormatter > formatDetailed() > should floor decimal raw values [0.14ms]

tests-unit\validator.test.ts:
(pass) InputValidator > getNameError() > should return null for valid names [0.36ms]
(pass) InputValidator > getNameError() > should trim whitespace before validation [0.13ms]
(pass) InputValidator > getNameError() > should return error for empty string [0.09ms]
(pass) InputValidator > getNameError() > should return error for whitespace-only string [0.10ms]
(pass) InputValidator > getNameError() > should accept names with leading/trailing spaces after trimming [0.07ms]
(pass) InputValidator > getVersionError() > should return null for valid versions [0.30ms]
(pass) InputValidator > getVersionError() > should reject versions with 'v' prefix [0.07ms]
(pass) InputValidator > getVersionError() > should reject versions with more than 3 segments [0.05ms]
(pass) InputValidator > getVersionError() > should reject non-numeric versions [0.06ms]
(pass) InputValidator > getVersionError() > should reject empty string [0.07ms]
(pass) InputValidator > getVersionError() > should reject whitespace-only string [0.06ms]
(pass) InputValidator > getVersionError() > should reject versions with spaces between segments [0.09ms]
(pass) InputValidator > getVersionError() > should reject versions starting with dot [0.06ms]
(pass) InputValidator > getVersionError() > should reject versions ending with dot [0.07ms]
(pass) InputValidator > getVersionError() > should reject versions with leading zeros like 01.0.0 [0.06ms]
(pass) InputValidator > getTokensError() > should return null for valid numeric strings [0.21ms]
(pass) InputValidator > getTokensError() > should return null for valid 'k' suffix strings [0.16ms]
(pass) InputValidator > getTokensError() > should return error for empty or whitespace strings [0.05ms]
(pass) InputValidator > getTokensError() > should return error for non-numeric strings [0.03ms]
(pass) InputValidator > getTokensError() > should return error for unsupported suffixes [0.06ms]
(pass) InputValidator > getTokensError() > should return error for negative values [0.06ms]
(pass) InputValidator > getTokensError() > should return error for zero [0.07ms]
(pass) InputValidator > getTokensError() > should handle large numbers (clamped by TokenFormatter.parse) [0.77ms]

out\test\vscode\tests-unit\dataNormalizer.test.js:

# Unhandled error between tests
-------------------------------
error: Cannot find package 'vscode' from 'D:\_devCode\addi\out\test\vscode\src\infrastructure\vscode\configService.js'
-------------------------------


out\test\vscode\tests-unit\id.test.js:
(pass) IdGenerator > generate() should return a non-empty string [0.39ms]
(pass) IdGenerator > generate() should return consistent length (36 chars with hyphens) [0.11ms]
(pass) IdGenerator > generate() should contain hyphen separators at correct positions [0.14ms]
(pass) IdGenerator > generate() should return UUID v4 format [0.12ms]
(pass) IdGenerator > generate() should have version nibble set to 4 [0.15ms]
(pass) IdGenerator > generate() should have variant bits in [8,9,a,b] [0.11ms]
(pass) IdGenerator > generate() should return unique IDs (uniqueness guarantee) [1.76ms]
(pass) IdGenerator > generate() should only contain hex characters and hyphens [0.16ms]

out\test\vscode\tests-unit\llmService.test.js:
(pass) LLMService reasoning handling > should treat reasoning-delta as visible stream content [0.24ms]
(pass) LLMService reasoning handling > should extract reasoning text from generateText step.reasoning array [0.52ms]
(pass) LLMService reasoning handling > should extract reasoningText before falling back to reasoning array [0.10ms]
(pass) LLMService reasoning handling > should treat tool-call as visible content when no text is emitted [0.08ms]

out\test\vscode\tests-unit\remoteModelFetcher.test.js:

# Unhandled error between tests
-------------------------------
error: Cannot find package 'vscode' from 'D:\_devCode\addi\out\test\vscode\src\common\logger.js'
-------------------------------


out\test\vscode\tests-unit\sortStrategy.test.js:
(pass) sortProviders > rule: "none" > should return the original array reference unchanged [0.32ms]
(pass) sortProviders > rule: "alphabet" > should sort providers by name case-insensitively [0.50ms]
(pass) sortProviders > rule: "alphabet" > should handle case differences (a < Z in locale-sensitive sort) [0.20ms]
(pass) sortProviders > rule: "input tokens" > should sort descending by the maximum maxInputTokens across child models [0.57ms]
(pass) sortProviders > rule: "input tokens" > should consider the highest token model in each provider [0.42ms]
(pass) sortProviders > rule: "output tokens" > should sort descending by the maximum maxOutputTokens across child models [0.40ms]
(pass) sortProviders > immutability > should not mutate the original array [0.34ms]
(pass) sortProviders > immutability > should return a new array reference [0.28ms]
(pass) sortProviders > edge cases > should handle empty providers array [0.10ms]
(pass) sortProviders > edge cases > should handle single provider [0.21ms]
(pass) sortProviders > edge cases > should handle providers with no models [0.22ms]
(pass) sortProviders > edge cases > should treat undefined tokens as 0 [0.13ms]
(pass) sortModels > rule: "none" > should return the original array reference unchanged [0.22ms]
(pass) sortModels > rule: "alphabet" > should sort models by name case-insensitively [0.29ms]
(pass) sortModels > rule: "input tokens" > should sort models descending by maxInputTokens [0.29ms]
(pass) sortModels > rule: "input tokens" > should handle equal token values (stable-ish ordering) [0.29ms]
(pass) sortModels > rule: "output tokens" > should sort models descending by maxOutputTokens [0.19ms]
(pass) sortModels > immutability > should not mutate the original array [0.31ms]
(pass) sortModels > immutability > should return a new array reference for non-none rules [0.15ms]
(pass) sortModels > edge cases > should handle empty models array [0.09ms]
(pass) sortModels > edge cases > should handle single model [0.10ms]
(pass) sortModels > edge cases > should treat undefined tokens as 0 [0.13ms]
(pass) SortRule type coverage > should accept all valid sort rules without error [0.19ms]

out\test\vscode\tests-unit\token.test.js:
(pass) TokenFormatter > parse() > should parse valid numbers [0.46ms]
(pass) TokenFormatter > parse() > should return undefined for zero and negative numbers [0.10ms]
(pass) TokenFormatter > parse() > should return undefined for non-finite numbers [0.16ms]
(pass) TokenFormatter > parse() > should floor decimal numbers [0.09ms]
(pass) TokenFormatter > parse() > should parse valid string integers [0.22ms]
(pass) TokenFormatter > parse() > should parse string with k suffix [0.12ms]
(pass) TokenFormatter > parse() > should handle whitespace and underscores [0.13ms]
(pass) TokenFormatter > parse() > should be case insensitive for k suffix [0.09ms]
(pass) TokenFormatter > parse() > should return undefined for invalid input [0.21ms]
(pass) TokenFormatter > parse() > should enforce upper limit (4M) [0.22ms]
(pass) TokenFormatter > parse() > should enforce upper limit for string input [0.29ms]
(pass) TokenFormatter > parse() > should handle large k values [0.13ms]
(pass) TokenFormatter > format() > should format numbers under 1000 as-is [0.26ms]
(pass) TokenFormatter > format() > should format thousands with k suffix [0.18ms]
(pass) TokenFormatter > format() > should format millions correctly [0.09ms]
(pass) TokenFormatter > format() > should handle edge cases [0.19ms]
(pass) TokenFormatter > format() > should format decimals correctly [0.13ms]
(pass) TokenFormatter > format() > should floor small numbers [0.10ms]
(pass) TokenFormatter > formatDetailed() > should show both raw and formatted for thousands [0.21ms]
(pass) TokenFormatter > formatDetailed() > should show only raw for small numbers [0.11ms]
(pass) TokenFormatter > formatDetailed() > should handle edge cases [0.12ms]
(pass) TokenFormatter > formatDetailed() > should floor decimal raw values [0.11ms]

out\test\vscode\tests-unit\validator.test.js:
(pass) InputValidator > getNameError() > should return null for valid names [0.36ms]
(pass) InputValidator > getNameError() > should trim whitespace before validation [0.10ms]
(pass) InputValidator > getNameError() > should return error for empty string [0.14ms]
(pass) InputValidator > getNameError() > should return error for whitespace-only string [0.14ms]
(pass) InputValidator > getNameError() > should accept names with leading/trailing spaces after trimming [0.10ms]
(pass) InputValidator > getVersionError() > should return null for valid versions [0.22ms]
(pass) InputValidator > getVersionError() > should reject versions with 'v' prefix [0.06ms]
(pass) InputValidator > getVersionError() > should reject versions with more than 3 segments [0.05ms]
(pass) InputValidator > getVersionError() > should reject non-numeric versions [0.08ms]
(pass) InputValidator > getVersionError() > should reject empty string [0.05ms]
(pass) InputValidator > getVersionError() > should reject whitespace-only string [0.07ms]
(pass) InputValidator > getVersionError() > should reject versions with spaces between segments [0.06ms]
(pass) InputValidator > getVersionError() > should reject versions starting with dot [0.11ms]
(pass) InputValidator > getVersionError() > should reject versions ending with dot [0.06ms]
(pass) InputValidator > getVersionError() > should reject versions with leading zeros like 01.0.0 [0.05ms]
(pass) InputValidator > getTokensError() > should return null for valid numeric strings [0.16ms]
(pass) InputValidator > getTokensError() > should return null for valid 'k' suffix strings [0.15ms]
(pass) InputValidator > getTokensError() > should return error for empty or whitespace strings [0.10ms]
(pass) InputValidator > getTokensError() > should return error for non-numeric strings [0.06ms]
(pass) InputValidator > getTokensError() > should return error for unsupported suffixes [0.07ms]
(pass) InputValidator > getTokensError() > should return error for negative values [0.06ms]
(pass) InputValidator > getTokensError() > should return error for zero [0.07ms]
(pass) InputValidator > getTokensError() > should handle large numbers (clamped by TokenFormatter.parse) [0.07ms]

2 tests failed:

 156 pass
 2 fail
 2 errors
Ran 158 tests across 11 files. [365.00ms]
error: script "test:unit" exited with code 1
